SceCosC B 1 1
SceCosC B 2 1
SceCosC B 3 2
ArcTec B 1 3
ArcTec B 2 3
ArcTec B 3 1
TecCos B 1 2
TecCos B 2 2
TecCos B 3 0
TecCos B 4 1
TecCos B 4 2
Geotec A 1 1
Geotec A 2 0
Geotec A 2 1
Geotec A 3 1
Geotec A 4 0
